// Jest Snapshot v1, https://goo.gl/fbAQLP

exports[`Footer renders nav items without errors 1`] = `ShallowWrapper {}`;
