// Jest Snapshot v1, https://goo.gl/fbAQLP

exports[`Header:  renders items without errors 1`] = `ShallowWrapper {}`;
