// Jest Snapshot v1, https://goo.gl/fbAQLP

exports[`PrimesForm:  has a title of "Prime Numbers" 1`] = `ShallowWrapper {}`;

exports[`PrimesForm:  renders one form component 1`] = `ShallowWrapper {}`;

exports[`PrimesForm:  should render the form and components 1`] = `ShallowWrapper {}`;
